GAMS 38.1.0  a1a3b545 Jan 31, 2022          DEX-DEG x86 64bit/Mac OS X - 03/23/22 13:18:25 Page 1
G e n e r a l   A l g e b r a i c   M o d e l i n g   S y s t e m
C o m p i l a t i o n


   1  ** This is a code of SCEQ to solve a multi-country real business cycle problem
   2  *
   3  * If using material from this code, the user should cite the following paper:
   4  * Cai, Y., and K.L. Judd (2021). A Simple but Powerful Simulated Certainty Equivalent
   5  *   Approximation Method for Dynamic Stochastic Problems. Working Paper.
   6  *----------------------------------------------------------------------
   7   
INCLUDE    /Users/patrickocal_mchome/Documents/_uq-aibe/spir-oz/code/cai-judd-gams/RBC_Case2/RBC_SCEQ_common.gms
   9  ** This is a code of SCEQ to solve a multi-country real business cycle problem
  10  *
  11  * If using material from this code, the user should cite the following paper:
  12  * Cai, Y., and K.L. Judd (2021). A Simple but Powerful Simulated Certainty Equivalent
  13  *   Approximation Method for Dynamic Stochastic Problems. Working Paper.
  14  *----------------------------------------------------------------------
  15   
  16  scalar starttime;
  17  starttime = jnow;
  18   
  19  set reg regions /1*2/;
  20  alias(r, reg);
  21  set t time /1*71/;
  22  alias(tt,t);
  23   
  24  set sec sectors /1*2/;
  25  alias(j, sec);
  26  * number of different paths + 1 (the extra one is for error checking at the last period of interest)
  27  set npath /1*10/;
  28   
  29  parameters
  30  beta        discount rate /0.01/
  31  alpha       capital cost share /0.33/
  32  delta       capital stock depreciation /0.5/
  33  phi         adjustment cost parameter /0.5/
  34  gamma       intertemporal elasticity of substitution /0.5/
  35  gammahat    utility parameter
  36  eta         Frisch elasticity of labor supply /0.5/
  37  etahat      utility parameter
  38  A           technology parameter
  39  B           relative weight of consumption and leisure
  40  s           starting period
  41  DT          number of periods for optimization in SCEQ / 10 /
  42  Tstar       number of periods of interest
  43  tau(reg)      weight
  44  Imin        lower bound of investment
  45  k0(reg)       initial capital
  46  kmin        smallest capital    / 0.1 /
  47  kmax        largest capital     / 10 /
  48  zeta1       TFP before shock   / 1 /
  49  zeta2       TFP after shock   / 0.95 /
  50  prob1       one period probability of regump of TFP / 0.01 /
  51  probs(t)    probability of jump of TFP
  52  TCS         tail consumption share (of output) / .45 /
  53  ;
  54   
  55  Tstar = card(npath)-1;
  56   
  57  A = (1 - (1-delta)*beta) / (alpha * beta);
  58  gammahat = 1-(1/gamma);
  59  B = (1 - alpha)*A*(A-delta)**(-1/gamma);
  60  etahat = 1+(1/eta);
  61   
  62  Imin = 0.9*delta;
  63   
  64  *the following is the vector of population weights: it will enter the objective and determine demand
  65  tau(reg) = 1;
  66   
  67  *the following is initial kapital: it will vary across regions
  68  *k0(reg) = kmin + (kmax-kmin)*(ord(reg)-1)/(card(reg)-1);
  69  *k0(reg) = exp(log(kmin) + (log(kmax)-log(kmin))*(ord(reg)-1)/(card(reg)-1));
  70  k0(reg) = 1
  71   
  72  display A, B, etahat, k0;
  73   
  74  *************
  75  * define model
  76   
  77  Variables
  78  obj objective criterion
  79  Inv(reg,t) investment
  80  ;
  81   
  82  Positive variables
  83  k(reg,t) capital stock
  84  c(reg,t) consumption
  85  l(reg,t) labor supply
  86  ;
  87   
  88  Equations
  89  objfun Obregective function
  90  TransitionCapital(reg,t) Law of Motion for Capital Stock
  91  BudgetConstraint(t) budget constraint before regump
  92  TippedBudgetConstraint(t) budget constraint after regump
  93  ;
  94   
  95  objfun ..
  96  obj =e= sum(reg, tau(reg) *
  97                      sum(t$(ord(t)>=s and ord(t)<s+DT),
  98                          beta**(ord(t)-s)*((c(reg,t)**gammahat)/gammahat - B * (l(reg,t)**etahat)/etahat)
  99                      )
 100          )
 101          + sum(reg, tau(reg) *
 102                      sum(t$(ord(t)=s+DT),
 103                          beta**(ord(t)-s)*((( (TCS*A*(k(reg,t)**alpha))**gammahat )/gammahat-B)/(1-beta))
 104                      )
 105          ) ;
 106   
 107  TransitionCapital(reg,t)$(ord(t)>=s and ord(t)<s+DT) ..
 108  k(reg,t+1) =e= (1-delta)*k(reg,t) + Inv(reg,t);
 109   
 110  BudgetConstraint(t)$(ord(t)>=s and ord(t)<s+DT) ..
 111  sum(reg, c(reg,t) + Inv(reg,t) + (phi/2)*k(reg,t)*sqr(Inv(reg,t)/k(reg,t)-delta)) =e= sum(reg, (zeta2 + Probs(t)*(zeta1-zeta2))*A*(k(reg,t)**alpha) * (l(reg,t)**(1-alpha)));
 112   
 113  TippedBudgetConstraint(t)$(ord(t)>=s and ord(t)<s+DT) ..
 114  sum(reg, c(reg,t) + Inv(reg,t) + (phi/2)*k(reg,t)*sqr(Inv(reg,t)/k(reg,t)-delta)) =e= sum(reg, zeta2*A*(k(reg,t)**alpha) * (l(reg,t)**(1-alpha)));
 115   
 116  * Bound Constraints
 117  k.lo(reg,t) = 0.001;
 118  k.up(reg,t) = 1000;
 119  c.lo(reg,t) = 0.001;
 120  c.up(reg,t) = 1000;
 121  l.lo(reg,t) = 0.001;
 122  l.up(reg,t) = 1000;
 123  Inv.lo(reg,t) = Imin;
 124   
 125  * Initial Guess
 126  s = 1;
 127  Inv.l(reg,t) = delta;
 128  k.l(reg,t) = 1;
 129  l.l(reg,t) = 1;
 130  c.l(reg,t) = A-delta;
 131  obj.l = sum(reg, tau(reg) * sum(t$(ord(t)>=s and ord(t)<s+DT), beta**(ord(t)-s)*((c.l(reg,t)**gammahat)/gammahat - B * (l.l(reg,t)**etahat)/etahat))) +
 132    sum(reg, tau(reg) * sum(t$(ord(t)=s+DT), beta**(ord(t)-s)*((((0.75*A*(k.l(reg,t)**alpha))**gammahat)/gammahat-B)/(1-beta))));
 133   
 134   
 135  options limrow = 0, limcol = 0;
 136  option reslim = 10000;
 137  option iterlim = 10000;
 138  option solprint = off;
 139  option nlp = conopt;
 140   
 141  model busc /objfun, TransitionCapital, BudgetConstraint/;
 142  model busc_tipped /objfun, TransitionCapital, TippedBudgetConstraint/;
 143   
 144   
 145  *********************************************
 146  * run SCEQ
 147   
 148  parameter
 149      Cpath(reg,tt,npath) simulated consumption paths
 150      Ipath(reg,tt,npath) simulated investment paths
 151      Lpath(reg,tt,npath) simulated labor supply paths
 152      Kpath(reg,tt,npath) simulated capital paths
 153      lampath(reg,tt,npath) shadow prices for capital transition
 154      mupath(tt,npath) shadow prices for budget constraint
 155  ;
 156   
 157  Cpath(reg,tt,npath) = 1;
 158  Ipath(reg,tt,npath) = 1;
 159  Lpath(reg,tt,npath) = 1;
 160  Kpath(reg,tt,npath) = 1;
 161  lampath(reg,tt,npath) = 1;
 162  mupath(tt,npath) = 1;
 163   
 164  set niter / 1*10 /;
 165   
 166  Kpath(reg,'1',npath) = K0(reg);
 167   
 168  ************************
 169  * solve the pre-tipping path
 170   
 171  loop(npath$(ord(npath)=1),
 172  * iterate over periods of interest (the last extra period is for error checking only)
 173    loop(tt$(ord(tt)<=Tstar+1),
 174  * starting period
 175      s = ord(tt);
 176   
 177  * optimization step
 178   
 179  * fix the state variable at s
 180      K.fx(reg,tt) = Kpath(reg,tt,npath);
 181   
 182  * if tipping event has not happened by the beginning of the current period
 183      Probs(t)$(ord(t)>=s) = (1-prob1)**(ord(t)-s);
 184   
 185      loop(niter,
 186          solve busc using nlp maximizing obj;
 187          if((busc.MODELSTAT<=2 and busc.SOLVESTAT=1),
 188              break;
 189          );
 190      );
 191      abort$(busc.MODELSTAT>2 or busc.SOLVESTAT<>1) "FAILED in solving!";
 192   
 193      Cpath(reg,tt,npath) = C.l(reg,tt);
 194      Ipath(reg,tt,npath) = Inv.l(reg,tt);
 195      Lpath(reg,tt,npath) = L.l(reg,tt);
 196      lampath(reg,tt,npath) = TransitionCapital.m(reg,tt);
 197      mupath(tt,npath) = BudgetConstraint.m(tt);
 198   
 199  * simulation step
 200      Kpath(reg,tt+1,npath) = (1-delta)*Kpath(reg,tt,npath) + Ipath(reg,tt,npath);
 201    );
 202   
 203  * relax the fixed constraints on the state variables
 204    K.lo(reg,t) = 0.001;
 205    K.up(reg,t) = 1000;
 206  );
 207   
 208   
 209  ************************
 210  * solve the tipped paths
 211   
 212  loop(npath$(ord(npath)>1),
 213  * starting period is also the period that the tipped event happens
 214      s = ord(npath);
 215   
 216  * fix the state variable at s: the tipping event happens at s but the capital at s has not been impacted
 217      K.fx(reg,tt)$(ord(tt)=s) = Kpath(reg,tt,'1');
 218   
 219      loop(niter,
 220          solve busc_tipped using nlp maximizing obj;
 221          if((busc_tipped.MODELSTAT<=2 and busc_tipped.SOLVESTAT=1),
 222              break;
 223          );
 224      );
 225      abort$(busc_tipped.MODELSTAT>2 or busc_tipped.SOLVESTAT<>1) "FAILED in solving!";
 226   
 227      Cpath(reg,tt,npath) = C.l(reg,tt);
 228      Ipath(reg,tt,npath) = Inv.l(reg,tt);
 229      Lpath(reg,tt,npath) = L.l(reg,tt);
 230      Kpath(reg,tt,npath) = K.l(reg,tt);
 231      lampath(reg,tt,npath) = TransitionCapital.m(reg,tt);
 232      mupath(tt,npath) = BudgetConstraint.m(tt);
 233   
 234  * relax the fixed constraints on the state variables
 235      K.lo(reg,t) = 0.001;
 236      K.up(reg,t) = 1000;
 237  );
 238   
 239  ************************
 240  * compute Euler errors at the pre-tipping path
 241   
 242  parameter integrand(reg,tt,npath)
 243      errs(reg,tt);
 244   
 245  integrand(reg,tt,'1')$(ord(tt)<=Tstar+1) = lampath(reg,tt,'1')*(1-delta) +
 246      mupath(tt,'1') * ( A*alpha*((Kpath(reg,tt,'1')/Lpath(reg,tt,'1'))**(alpha-1)) -
 247      phi/2*sqr(Ipath(reg,tt,'1')/Kpath(reg,tt,'1')-delta) +
 248      phi*(Ipath(reg,tt,'1')/Kpath(reg,tt,'1')-delta)*Ipath(reg,tt,'1')/Kpath(reg,tt,'1') );
 249  integrand(reg,tt,npath)$(ord(npath)>1 and ord(tt)<=Tstar+1) = lampath(reg,tt,npath)*(1-delta) +
 250      mupath(tt,npath) * ( A*alpha*((Kpath(reg,tt,npath)/Lpath(reg,tt,npath))**(alpha-1)) -
 251      phi/2*sqr(Ipath(reg,tt,npath)/Kpath(reg,tt,npath)-delta) +
 252      phi*(Ipath(reg,tt,npath)/Kpath(reg,tt,npath)-delta)*Ipath(reg,tt,npath)/Kpath(reg,tt,npath) );
 253   
 254  errs(reg,tt)$(ord(tt)<=Tstar) = abs(1 - beta*( (1-prob1)*integrand(reg,tt+1,'1') +
 255      prob1*sum(npath$(ord(npath)=ord(tt)+1),integrand(reg,tt+1,npath)) ) / lampath(reg,tt,'1'));
 256   
 257  ************************
 258  * Output solutions
 259   
 260  File sol_SCEQ_RBC_C /sol_SCEQ_RBC_C.csv/;
 261  sol_SCEQ_RBC_C.pc=5;
 262  sol_SCEQ_RBC_C.pw=4000;
 263   
 264  Put sol_SCEQ_RBC_C;
 265   
 266  loop(npath,
 267    loop(tt$(ord(tt)<=Tstar),
 268      put tt.tl::4;
 269      loop(reg,
 270        put Cpath(reg,tt,npath)::6;
 271      );
 272      put /;
 273    );
 274  );
 275   
 276  File sol_SCEQ_RBC_K /sol_SCEQ_RBC_K.csv/;
 277  sol_SCEQ_RBC_K.pc=5;
 278  sol_SCEQ_RBC_K.pw=4000;
 279   
 280  Put sol_SCEQ_RBC_K;
 281   
 282  loop(npath,
 283    loop(tt$(ord(tt)<=Tstar),
 284      put tt.tl::4;
 285      loop(reg,
 286        put Kpath(reg,tt,npath)::6;
 287      );
 288      put /;
 289    );
 290  );
 291   
 292  File sol_SCEQ_RBC_I /sol_SCEQ_RBC_I.csv/;
 293  sol_SCEQ_RBC_I.pc=5;
 294  sol_SCEQ_RBC_I.pw=4000;
 295   
 296  Put sol_SCEQ_RBC_I;
 297   
 298  loop(npath,
 299    loop(tt$(ord(tt)<=Tstar),
 300      put tt.tl::4;
 301      loop(reg,
 302        put Ipath(reg,tt,npath)::6;
 303      );
 304      put /;
 305    );
 306  );
 307   
 308  File sol_SCEQ_RBC_L /sol_SCEQ_RBC_L.csv/;
 309  sol_SCEQ_RBC_L.pc=5;
 310  sol_SCEQ_RBC_L.pw=4000;
 311   
 312  Put sol_SCEQ_RBC_L;
 313   
 314  loop(npath,
 315    loop(tt$(ord(tt)<=Tstar),
 316      put tt.tl::4;
 317      loop(reg,
 318        put Lpath(reg,tt,npath)::6;
 319      );
 320      put /;
 321    );
 322  );
 323   
 324  File sol_SCEQ_RBC_err /sol_SCEQ_RBC_err.csv/;
 325  sol_SCEQ_RBC_err.pc=5;
 326  sol_SCEQ_RBC_err.pw=4000;
 327   
 328  Put sol_SCEQ_RBC_err;
 329   
 330  loop(tt$(ord(tt)<=Tstar),
 331      put tt.tl::4;
 332      loop(reg,
 333        put errs(reg,tt)::6;
 334      );
 335      put /;
 336  );
 337   
 338  * display the running time in minutes
 339  scalar elapsed;
 340  elapsed = (jnow - starttime)*24*60;
 341  display elapsed;
 342   
GAMS 38.1.0  a1a3b545 Jan 31, 2022          DEX-DEG x86 64bit/Mac OS X - 03/23/22 13:18:25 Page 2
G e n e r a l   A l g e b r a i c   M o d e l i n g   S y s t e m
Include File Summary


   SEQ   GLOBAL TYPE      PARENT   LOCAL  FILENAME

     1        1 INPUT          0       0  /Users/patrickocal_mchome/Documents/_uq-aibe/spir-oz/code/cai-judd-gams/RBC_Case2/RBC_SCEQ.gms
     2        8 INCLUDE        1       8  ./Users/patrickocal_mchome/Documents/_uq-aibe/spir-oz/code/cai-judd-gams/RBC_Case2/RBC_SCEQ_common.gms


COMPILATION TIME     =        0.003 SECONDS      3 MB  38.1.0 a1a3b545 DEX-DEG
GAMS 38.1.0  a1a3b545 Jan 31, 2022          DEX-DEG x86 64bit/Mac OS X - 03/23/22 13:18:25 Page 3
G e n e r a l   A l g e b r a i c   M o d e l i n g   S y s t e m
E x e c u t i o n


----     72 PARAMETER A                    =      301.515  technology parameter
            PARAMETER B                    =        0.002  relative weight of consumption and leisure
            PARAMETER etahat               =        3.000  utility parameter

----     72 PARAMETER k0  initial capital

1 1.000,    2 1.000

GAMS 38.1.0  a1a3b545 Jan 31, 2022          DEX-DEG x86 64bit/Mac OS X - 03/23/22 13:18:25 Page 4
G e n e r a l   A l g e b r a i c   M o d e l i n g   S y s t e m
Model Statistics    SOLVE busc Using NLP From line 186


LOOPS                                npath   1
                                        tt   1
                                     niter   1


MODEL STATISTICS

BLOCKS OF EQUATIONS           3     SINGLE EQUATIONS           31
BLOCKS OF VARIABLES           5     SINGLE VARIABLES           83
NON ZERO ELEMENTS           183     NON LINEAR N-Z            102
CODE LENGTH                 632     CONSTANT POOL              44


GENERATION TIME      =        0.002 SECONDS      4 MB  38.1.0 a1a3b545 DEX-DEG
               L O O P S              npath 1
                                         tt 1
                                      niter 1

GAMS 38.1.0  a1a3b545 Jan 31, 2022          DEX-DEG x86 64bit/Mac OS X - 03/23/22 13:18:25 Page 5
G e n e r a l   A l g e b r a i c   M o d e l i n g   S y s t e m
Solution Report     SOLVE busc Using NLP From line 186


               S O L V E      S U M M A R Y

     MODEL   busc                OBJECTIVE  obj
     TYPE    NLP                 DIRECTION  MAXIMIZE
     SOLVER  CONOPT              FROM LINE  186

**** SOLVER STATUS     1 Normal Completion
**** MODEL STATUS      2 Locally Optimal
**** OBJECTIVE VALUE               -0.0082

 RESOURCE USAGE, LIMIT          0.019     10000.000
 ITERATION COUNT, LIMIT         5         10000
 EVALUATION ERRORS              0             0
--- *** This solver runs with a demo license. No commercial use.
 
 
    C O N O P T 3   version 3.17K
    Copyright (C)   ARKI Consulting and Development A/S
                    Bagsvaerdvej 246 A
                    DK-2880 Bagsvaerd, Denmark
 
 
    The model has 83 variables and 31 constraints
    with 183 Jacobian elements, 102 of which are nonlinear.
    The Hessian of the Lagrangian has 82 elements on the diagonal,
    40 elements below the diagonal, and 82 nonlinear variables.
 
 ** Warning **  The variance of the derivatives in the initial
                point is large (= 4.0 ). A better initial
                point, a better scaling, or better bounds on the
                variables will probably help the optimization.
 
 
                   Pre-triangular equations:   0
                   Post-triangular equations:  1
 
 
 ** Optimal solution. Reduced gradient less than tolerance.
 
 
 CONOPT time Total                            0.007 seconds
   of which: Function evaluations             0.001 = 14.3%
             1st Derivative evaluations       0.000 =  0.0%
 


**** REPORT SUMMARY :        0     NONOPT
                             0 INFEASIBLE
                             0  UNBOUNDED
                             0     ERRORS
GAMS 38.1.0  a1a3b545 Jan 31, 2022          DEX-DEG x86 64bit/Mac OS X - 03/23/22 13:18:25 Page 6
G e n e r a l   A l g e b r a i c   M o d e l i n g   S y s t e m
Model Statistics    SOLVE busc Using NLP From line 186


LOOPS                                npath   1
                                        tt   2
                                     niter   1


MODEL STATISTICS

BLOCKS OF EQUATIONS           3     SINGLE EQUATIONS           31
BLOCKS OF VARIABLES           5     SINGLE VARIABLES           83
NON ZERO ELEMENTS           183     NON LINEAR N-Z            102
CODE LENGTH                 632     CONSTANT POOL              44


GENERATION TIME      =        0.002 SECONDS      4 MB  38.1.0 a1a3b545 DEX-DEG
               L O O P S              npath 1
                                         tt 2
                                      niter 1

GAMS 38.1.0  a1a3b545 Jan 31, 2022          DEX-DEG x86 64bit/Mac OS X - 03/23/22 13:18:25 Page 7
G e n e r a l   A l g e b r a i c   M o d e l i n g   S y s t e m
Solution Report     SOLVE busc Using NLP From line 186


               S O L V E      S U M M A R Y

     MODEL   busc                OBJECTIVE  obj
     TYPE    NLP                 DIRECTION  MAXIMIZE
     SOLVER  CONOPT              FROM LINE  186

**** SOLVER STATUS     1 Normal Completion
**** MODEL STATUS      2 Locally Optimal
**** OBJECTIVE VALUE               -0.0082

 RESOURCE USAGE, LIMIT          0.005     10000.000
 ITERATION COUNT, LIMIT         9         10000
 EVALUATION ERRORS              0             0
--- *** This solver runs with a demo license. No commercial use.
 
 
    C O N O P T 3   version 3.17K
    Copyright (C)   ARKI Consulting and Development A/S
                    Bagsvaerdvej 246 A
                    DK-2880 Bagsvaerd, Denmark
 
 
    The model has 83 variables and 31 constraints
    with 183 Jacobian elements, 102 of which are nonlinear.
    The Hessian of the Lagrangian has 82 elements on the diagonal,
    40 elements below the diagonal, and 82 nonlinear variables.
 
 ** Warning **  The variance of the derivatives in the initial
                point is large (= 4.0 ). A better initial
                point, a better scaling, or better bounds on the
                variables will probably help the optimization.
 
 
                   Pre-triangular equations:   0
                   Post-triangular equations:  1
 
 
 ** Optimal solution. Reduced gradient less than tolerance.
 
 
 CONOPT time Total                            0.001 seconds
   of which: Function evaluations             0.000 =  0.0%
             1st Derivative evaluations       0.000 =  0.0%
 


**** REPORT SUMMARY :        0     NONOPT
                             0 INFEASIBLE
                             0  UNBOUNDED
                             0     ERRORS
GAMS 38.1.0  a1a3b545 Jan 31, 2022          DEX-DEG x86 64bit/Mac OS X - 03/23/22 13:18:25 Page 8
G e n e r a l   A l g e b r a i c   M o d e l i n g   S y s t e m
Model Statistics    SOLVE busc Using NLP From line 186


LOOPS                                npath   1
                                        tt   3
                                     niter   1


MODEL STATISTICS

BLOCKS OF EQUATIONS           3     SINGLE EQUATIONS           31
BLOCKS OF VARIABLES           5     SINGLE VARIABLES           83
NON ZERO ELEMENTS           183     NON LINEAR N-Z            102
CODE LENGTH                 632     CONSTANT POOL              44


GENERATION TIME      =        0.002 SECONDS      4 MB  38.1.0 a1a3b545 DEX-DEG
               L O O P S              npath 1
                                         tt 3
                                      niter 1

GAMS 38.1.0  a1a3b545 Jan 31, 2022          DEX-DEG x86 64bit/Mac OS X - 03/23/22 13:18:25 Page 9
G e n e r a l   A l g e b r a i c   M o d e l i n g   S y s t e m
Solution Report     SOLVE busc Using NLP From line 186


               S O L V E      S U M M A R Y

     MODEL   busc                OBJECTIVE  obj
     TYPE    NLP                 DIRECTION  MAXIMIZE
     SOLVER  CONOPT              FROM LINE  186

**** SOLVER STATUS     1 Normal Completion
**** MODEL STATUS      2 Locally Optimal
**** OBJECTIVE VALUE               -0.0082

 RESOURCE USAGE, LIMIT          0.006     10000.000
 ITERATION COUNT, LIMIT         8         10000
 EVALUATION ERRORS              0             0
--- *** This solver runs with a demo license. No commercial use.
 
 
    C O N O P T 3   version 3.17K
    Copyright (C)   ARKI Consulting and Development A/S
                    Bagsvaerdvej 246 A
                    DK-2880 Bagsvaerd, Denmark
 
 
    The model has 83 variables and 31 constraints
    with 183 Jacobian elements, 102 of which are nonlinear.
    The Hessian of the Lagrangian has 82 elements on the diagonal,
    40 elements below the diagonal, and 82 nonlinear variables.
 
 ** Warning **  The variance of the derivatives in the initial
                point is large (= 4.0 ). A better initial
                point, a better scaling, or better bounds on the
                variables will probably help the optimization.
 
 
                   Pre-triangular equations:   0
                   Post-triangular equations:  1
 
 
 ** Optimal solution. Reduced gradient less than tolerance.
 
 
 CONOPT time Total                            0.001 seconds
   of which: Function evaluations             0.000 =  0.0%
             1st Derivative evaluations       0.000 =  0.0%
 


**** REPORT SUMMARY :        0     NONOPT
                             0 INFEASIBLE
                             0  UNBOUNDED
                             0     ERRORS
GAMS 38.1.0  a1a3b545 Jan 31, 2022          DEX-DEG x86 64bit/Mac OS X - 03/23/22 13:18:25 Page 10
G e n e r a l   A l g e b r a i c   M o d e l i n g   S y s t e m
Model Statistics    SOLVE busc Using NLP From line 186


LOOPS                                npath   1
                                        tt   4
                                     niter   1


MODEL STATISTICS

BLOCKS OF EQUATIONS           3     SINGLE EQUATIONS           31
BLOCKS OF VARIABLES           5     SINGLE VARIABLES           83
NON ZERO ELEMENTS           183     NON LINEAR N-Z            102
CODE LENGTH                 632     CONSTANT POOL              44


GENERATION TIME      =        0.002 SECONDS      4 MB  38.1.0 a1a3b545 DEX-DEG
               L O O P S              npath 1
                                         tt 4
                                      niter 1

GAMS 38.1.0  a1a3b545 Jan 31, 2022          DEX-DEG x86 64bit/Mac OS X - 03/23/22 13:18:25 Page 11
G e n e r a l   A l g e b r a i c   M o d e l i n g   S y s t e m
Solution Report     SOLVE busc Using NLP From line 186


               S O L V E      S U M M A R Y

     MODEL   busc                OBJECTIVE  obj
     TYPE    NLP                 DIRECTION  MAXIMIZE
     SOLVER  CONOPT              FROM LINE  186

**** SOLVER STATUS     1 Normal Completion
**** MODEL STATUS      2 Locally Optimal
**** OBJECTIVE VALUE               -0.0082

 RESOURCE USAGE, LIMIT          0.005     10000.000
 ITERATION COUNT, LIMIT         8         10000
 EVALUATION ERRORS              0             0
--- *** This solver runs with a demo license. No commercial use.
 
 
    C O N O P T 3   version 3.17K
    Copyright (C)   ARKI Consulting and Development A/S
                    Bagsvaerdvej 246 A
                    DK-2880 Bagsvaerd, Denmark
 
 
    The model has 83 variables and 31 constraints
    with 183 Jacobian elements, 102 of which are nonlinear.
    The Hessian of the Lagrangian has 82 elements on the diagonal,
    40 elements below the diagonal, and 82 nonlinear variables.
 
 ** Warning **  The variance of the derivatives in the initial
                point is large (= 4.0 ). A better initial
                point, a better scaling, or better bounds on the
                variables will probably help the optimization.
 
 
                   Pre-triangular equations:   0
                   Post-triangular equations:  1
 
 
 ** Optimal solution. Reduced gradient less than tolerance.
 
 
 CONOPT time Total                            0.001 seconds
   of which: Function evaluations             0.000 =  0.0%
             1st Derivative evaluations       0.000 =  0.0%
 


**** REPORT SUMMARY :        0     NONOPT
                             0 INFEASIBLE
                             0  UNBOUNDED
                             0     ERRORS
GAMS 38.1.0  a1a3b545 Jan 31, 2022          DEX-DEG x86 64bit/Mac OS X - 03/23/22 13:18:25 Page 12
G e n e r a l   A l g e b r a i c   M o d e l i n g   S y s t e m
Model Statistics    SOLVE busc Using NLP From line 186


LOOPS                                npath   1
                                        tt   5
                                     niter   1


MODEL STATISTICS

BLOCKS OF EQUATIONS           3     SINGLE EQUATIONS           31
BLOCKS OF VARIABLES           5     SINGLE VARIABLES           83
NON ZERO ELEMENTS           183     NON LINEAR N-Z            102
CODE LENGTH                 632     CONSTANT POOL              44


GENERATION TIME      =        0.001 SECONDS      4 MB  38.1.0 a1a3b545 DEX-DEG
               L O O P S              npath 1
                                         tt 5
                                      niter 1

GAMS 38.1.0  a1a3b545 Jan 31, 2022          DEX-DEG x86 64bit/Mac OS X - 03/23/22 13:18:25 Page 13
G e n e r a l   A l g e b r a i c   M o d e l i n g   S y s t e m
Solution Report     SOLVE busc Using NLP From line 186


               S O L V E      S U M M A R Y

     MODEL   busc                OBJECTIVE  obj
     TYPE    NLP                 DIRECTION  MAXIMIZE
     SOLVER  CONOPT              FROM LINE  186

**** SOLVER STATUS     1 Normal Completion
**** MODEL STATUS      2 Locally Optimal
**** OBJECTIVE VALUE               -0.0082

 RESOURCE USAGE, LIMIT          0.006     10000.000
 ITERATION COUNT, LIMIT         8         10000
 EVALUATION ERRORS              0             0
--- *** This solver runs with a demo license. No commercial use.
 
 
    C O N O P T 3   version 3.17K
    Copyright (C)   ARKI Consulting and Development A/S
                    Bagsvaerdvej 246 A
                    DK-2880 Bagsvaerd, Denmark
 
 
    The model has 83 variables and 31 constraints
    with 183 Jacobian elements, 102 of which are nonlinear.
    The Hessian of the Lagrangian has 82 elements on the diagonal,
    40 elements below the diagonal, and 82 nonlinear variables.
 
 ** Warning **  The variance of the derivatives in the initial
                point is large (= 4.0 ). A better initial
                point, a better scaling, or better bounds on the
                variables will probably help the optimization.
 
 
                   Pre-triangular equations:   0
                   Post-triangular equations:  1
 
 
 ** Optimal solution. Reduced gradient less than tolerance.
 
 
 CONOPT time Total                            0.001 seconds
   of which: Function evaluations             0.000 =  0.0%
             1st Derivative evaluations       0.001 =100.0%
 


**** REPORT SUMMARY :        0     NONOPT
                             0 INFEASIBLE
                             0  UNBOUNDED
                             0     ERRORS
GAMS 38.1.0  a1a3b545 Jan 31, 2022          DEX-DEG x86 64bit/Mac OS X - 03/23/22 13:18:25 Page 14
G e n e r a l   A l g e b r a i c   M o d e l i n g   S y s t e m
Model Statistics    SOLVE busc Using NLP From line 186


LOOPS                                npath   1
                                        tt   6
                                     niter   1


MODEL STATISTICS

BLOCKS OF EQUATIONS           3     SINGLE EQUATIONS           31
BLOCKS OF VARIABLES           5     SINGLE VARIABLES           83
NON ZERO ELEMENTS           183     NON LINEAR N-Z            102
CODE LENGTH                 632     CONSTANT POOL              44


GENERATION TIME      =        0.002 SECONDS      4 MB  38.1.0 a1a3b545 DEX-DEG
               L O O P S              npath 1
                                         tt 6
                                      niter 1

GAMS 38.1.0  a1a3b545 Jan 31, 2022          DEX-DEG x86 64bit/Mac OS X - 03/23/22 13:18:25 Page 15
G e n e r a l   A l g e b r a i c   M o d e l i n g   S y s t e m
Solution Report     SOLVE busc Using NLP From line 186


               S O L V E      S U M M A R Y

     MODEL   busc                OBJECTIVE  obj
     TYPE    NLP                 DIRECTION  MAXIMIZE
     SOLVER  CONOPT              FROM LINE  186

**** SOLVER STATUS     1 Normal Completion
**** MODEL STATUS      2 Locally Optimal
**** OBJECTIVE VALUE               -0.0082

 RESOURCE USAGE, LIMIT          0.006     10000.000
 ITERATION COUNT, LIMIT         8         10000
 EVALUATION ERRORS              0             0
--- *** This solver runs with a demo license. No commercial use.
 
 
    C O N O P T 3   version 3.17K
    Copyright (C)   ARKI Consulting and Development A/S
                    Bagsvaerdvej 246 A
                    DK-2880 Bagsvaerd, Denmark
 
 
    The model has 83 variables and 31 constraints
    with 183 Jacobian elements, 102 of which are nonlinear.
    The Hessian of the Lagrangian has 82 elements on the diagonal,
    40 elements below the diagonal, and 82 nonlinear variables.
 
 ** Warning **  The variance of the derivatives in the initial
                point is large (= 4.0 ). A better initial
                point, a better scaling, or better bounds on the
                variables will probably help the optimization.
 
 
                   Pre-triangular equations:   0
                   Post-triangular equations:  1
 
 
 ** Optimal solution. Reduced gradient less than tolerance.
 
 
 CONOPT time Total                            0.001 seconds
   of which: Function evaluations             0.000 =  0.0%
             1st Derivative evaluations       0.000 =  0.0%
 


**** REPORT SUMMARY :        0     NONOPT
                             0 INFEASIBLE
                             0  UNBOUNDED
                             0     ERRORS
GAMS 38.1.0  a1a3b545 Jan 31, 2022          DEX-DEG x86 64bit/Mac OS X - 03/23/22 13:18:25 Page 16
G e n e r a l   A l g e b r a i c   M o d e l i n g   S y s t e m
Model Statistics    SOLVE busc Using NLP From line 186


LOOPS                                npath   1
                                        tt   7
                                     niter   1


MODEL STATISTICS

BLOCKS OF EQUATIONS           3     SINGLE EQUATIONS           31
BLOCKS OF VARIABLES           5     SINGLE VARIABLES           83
NON ZERO ELEMENTS           183     NON LINEAR N-Z            102
CODE LENGTH                 632     CONSTANT POOL              44


GENERATION TIME      =        0.001 SECONDS      4 MB  38.1.0 a1a3b545 DEX-DEG
               L O O P S              npath 1
                                         tt 7
                                      niter 1

GAMS 38.1.0  a1a3b545 Jan 31, 2022          DEX-DEG x86 64bit/Mac OS X - 03/23/22 13:18:25 Page 17
G e n e r a l   A l g e b r a i c   M o d e l i n g   S y s t e m
Solution Report     SOLVE busc Using NLP From line 186


               S O L V E      S U M M A R Y

     MODEL   busc                OBJECTIVE  obj
     TYPE    NLP                 DIRECTION  MAXIMIZE
     SOLVER  CONOPT              FROM LINE  186

**** SOLVER STATUS     1 Normal Completion
**** MODEL STATUS      2 Locally Optimal
**** OBJECTIVE VALUE               -0.0082

 RESOURCE USAGE, LIMIT          0.006     10000.000
 ITERATION COUNT, LIMIT        14         10000
 EVALUATION ERRORS              0             0
--- *** This solver runs with a demo license. No commercial use.
 
 
    C O N O P T 3   version 3.17K
    Copyright (C)   ARKI Consulting and Development A/S
                    Bagsvaerdvej 246 A
                    DK-2880 Bagsvaerd, Denmark
 
 
    The model has 83 variables and 31 constraints
    with 183 Jacobian elements, 102 of which are nonlinear.
    The Hessian of the Lagrangian has 82 elements on the diagonal,
    40 elements below the diagonal, and 82 nonlinear variables.
 
 ** Warning **  The variance of the derivatives in the initial
                point is large (= 4.0 ). A better initial
                point, a better scaling, or better bounds on the
                variables will probably help the optimization.
 
 
                   Pre-triangular equations:   0
                   Post-triangular equations:  1
 
 
 ** Optimal solution. Reduced gradient less than tolerance.
 
 
 CONOPT time Total                            0.002 seconds
   of which: Function evaluations             0.000 =  0.0%
             1st Derivative evaluations       0.000 =  0.0%
             Directional 2nd Derivative       0.000 =  0.0%
 


**** REPORT SUMMARY :        0     NONOPT
                             0 INFEASIBLE
                             0  UNBOUNDED
                             0     ERRORS
GAMS 38.1.0  a1a3b545 Jan 31, 2022          DEX-DEG x86 64bit/Mac OS X - 03/23/22 13:18:25 Page 18
G e n e r a l   A l g e b r a i c   M o d e l i n g   S y s t e m
Model Statistics    SOLVE busc Using NLP From line 186


LOOPS                                npath   1
                                        tt   8
                                     niter   1


MODEL STATISTICS

BLOCKS OF EQUATIONS           3     SINGLE EQUATIONS           31
BLOCKS OF VARIABLES           5     SINGLE VARIABLES           83
NON ZERO ELEMENTS           183     NON LINEAR N-Z            102
CODE LENGTH                 632     CONSTANT POOL              44


GENERATION TIME      =        0.002 SECONDS      4 MB  38.1.0 a1a3b545 DEX-DEG
               L O O P S              npath 1
                                         tt 8
                                      niter 1

GAMS 38.1.0  a1a3b545 Jan 31, 2022          DEX-DEG x86 64bit/Mac OS X - 03/23/22 13:18:25 Page 19
G e n e r a l   A l g e b r a i c   M o d e l i n g   S y s t e m
Solution Report     SOLVE busc Using NLP From line 186


               S O L V E      S U M M A R Y

     MODEL   busc                OBJECTIVE  obj
     TYPE    NLP                 DIRECTION  MAXIMIZE
     SOLVER  CONOPT              FROM LINE  186

**** SOLVER STATUS     1 Normal Completion
**** MODEL STATUS      2 Locally Optimal
**** OBJECTIVE VALUE               -0.0082

 RESOURCE USAGE, LIMIT          0.005     10000.000
 ITERATION COUNT, LIMIT        12         10000
 EVALUATION ERRORS              0             0
--- *** This solver runs with a demo license. No commercial use.
 
 
    C O N O P T 3   version 3.17K
    Copyright (C)   ARKI Consulting and Development A/S
                    Bagsvaerdvej 246 A
                    DK-2880 Bagsvaerd, Denmark
 
 
    The model has 83 variables and 31 constraints
    with 183 Jacobian elements, 102 of which are nonlinear.
    The Hessian of the Lagrangian has 82 elements on the diagonal,
    40 elements below the diagonal, and 82 nonlinear variables.
 
 ** Warning **  The variance of the derivatives in the initial
                point is large (= 4.0 ). A better initial
                point, a better scaling, or better bounds on the
                variables will probably help the optimization.
 
 
                   Pre-triangular equations:   0
                   Post-triangular equations:  1
 
 
 ** Optimal solution. Reduced gradient less than tolerance.
 
 
 CONOPT time Total                            0.002 seconds
   of which: Function evaluations             0.000 =  0.0%
             1st Derivative evaluations       0.000 =  0.0%
 


**** REPORT SUMMARY :        0     NONOPT
                             0 INFEASIBLE
                             0  UNBOUNDED
                             0     ERRORS
GAMS 38.1.0  a1a3b545 Jan 31, 2022          DEX-DEG x86 64bit/Mac OS X - 03/23/22 13:18:25 Page 20
G e n e r a l   A l g e b r a i c   M o d e l i n g   S y s t e m
Model Statistics    SOLVE busc Using NLP From line 186


LOOPS                                npath   1
                                        tt   9
                                     niter   1


MODEL STATISTICS

BLOCKS OF EQUATIONS           3     SINGLE EQUATIONS           31
BLOCKS OF VARIABLES           5     SINGLE VARIABLES           83
NON ZERO ELEMENTS           183     NON LINEAR N-Z            102
CODE LENGTH                 632     CONSTANT POOL              44


GENERATION TIME      =        0.002 SECONDS      4 MB  38.1.0 a1a3b545 DEX-DEG
               L O O P S              npath 1
                                         tt 9
                                      niter 1

GAMS 38.1.0  a1a3b545 Jan 31, 2022          DEX-DEG x86 64bit/Mac OS X - 03/23/22 13:18:25 Page 21
G e n e r a l   A l g e b r a i c   M o d e l i n g   S y s t e m
Solution Report     SOLVE busc Using NLP From line 186


               S O L V E      S U M M A R Y

     MODEL   busc                OBJECTIVE  obj
     TYPE    NLP                 DIRECTION  MAXIMIZE
     SOLVER  CONOPT              FROM LINE  186

**** SOLVER STATUS     1 Normal Completion
**** MODEL STATUS      2 Locally Optimal
**** OBJECTIVE VALUE               -0.0082

 RESOURCE USAGE, LIMIT          0.006     10000.000
 ITERATION COUNT, LIMIT        12         10000
 EVALUATION ERRORS              0             0
--- *** This solver runs with a demo license. No commercial use.
 
 
    C O N O P T 3   version 3.17K
    Copyright (C)   ARKI Consulting and Development A/S
                    Bagsvaerdvej 246 A
                    DK-2880 Bagsvaerd, Denmark
 
 
    The model has 83 variables and 31 constraints
    with 183 Jacobian elements, 102 of which are nonlinear.
    The Hessian of the Lagrangian has 82 elements on the diagonal,
    40 elements below the diagonal, and 82 nonlinear variables.
 
 ** Warning **  The variance of the derivatives in the initial
                point is large (= 4.0 ). A better initial
                point, a better scaling, or better bounds on the
                variables will probably help the optimization.
 
 
                   Pre-triangular equations:   0
                   Post-triangular equations:  1
 
 
 ** Optimal solution. Reduced gradient less than tolerance.
 
 
 CONOPT time Total                            0.001 seconds
   of which: Function evaluations             0.001 =100.0%
             1st Derivative evaluations       0.000 =  0.0%
 


**** REPORT SUMMARY :        0     NONOPT
                             0 INFEASIBLE
                             0  UNBOUNDED
                             0     ERRORS
GAMS 38.1.0  a1a3b545 Jan 31, 2022          DEX-DEG x86 64bit/Mac OS X - 03/23/22 13:18:25 Page 22
G e n e r a l   A l g e b r a i c   M o d e l i n g   S y s t e m
Model Statistics    SOLVE busc Using NLP From line 186


LOOPS                                npath   1
                                        tt   10
                                     niter   1


MODEL STATISTICS

BLOCKS OF EQUATIONS           3     SINGLE EQUATIONS           31
BLOCKS OF VARIABLES           5     SINGLE VARIABLES           83
NON ZERO ELEMENTS           183     NON LINEAR N-Z            102
CODE LENGTH                 632     CONSTANT POOL              44


GENERATION TIME      =        0.002 SECONDS      4 MB  38.1.0 a1a3b545 DEX-DEG
               L O O P S              npath 1
                                         tt 10
                                      niter 1

GAMS 38.1.0  a1a3b545 Jan 31, 2022          DEX-DEG x86 64bit/Mac OS X - 03/23/22 13:18:25 Page 23
G e n e r a l   A l g e b r a i c   M o d e l i n g   S y s t e m
Solution Report     SOLVE busc Using NLP From line 186


               S O L V E      S U M M A R Y

     MODEL   busc                OBJECTIVE  obj
     TYPE    NLP                 DIRECTION  MAXIMIZE
     SOLVER  CONOPT              FROM LINE  186

**** SOLVER STATUS     1 Normal Completion
**** MODEL STATUS      2 Locally Optimal
**** OBJECTIVE VALUE               -0.0082

 RESOURCE USAGE, LIMIT          0.005     10000.000
 ITERATION COUNT, LIMIT        13         10000
 EVALUATION ERRORS              0             0
--- *** This solver runs with a demo license. No commercial use.
 
 
    C O N O P T 3   version 3.17K
    Copyright (C)   ARKI Consulting and Development A/S
                    Bagsvaerdvej 246 A
                    DK-2880 Bagsvaerd, Denmark
 
 
    The model has 83 variables and 31 constraints
    with 183 Jacobian elements, 102 of which are nonlinear.
    The Hessian of the Lagrangian has 82 elements on the diagonal,
    40 elements below the diagonal, and 82 nonlinear variables.
 
 ** Warning **  The variance of the derivatives in the initial
                point is large (= 4.0 ). A better initial
                point, a better scaling, or better bounds on the
                variables will probably help the optimization.
 
 
                   Pre-triangular equations:   0
                   Post-triangular equations:  1
 
 
 ** Optimal solution. Reduced gradient less than tolerance.
 
 
 CONOPT time Total                            0.001 seconds
   of which: Function evaluations             0.000 =  0.0%
             1st Derivative evaluations       0.000 =  0.0%
             Directional 2nd Derivative       0.000 =  0.0%
 


**** REPORT SUMMARY :        0     NONOPT
                             0 INFEASIBLE
                             0  UNBOUNDED
                             0     ERRORS
GAMS 38.1.0  a1a3b545 Jan 31, 2022          DEX-DEG x86 64bit/Mac OS X - 03/23/22 13:18:25 Page 24
G e n e r a l   A l g e b r a i c   M o d e l i n g   S y s t e m
Model Statistics    SOLVE busc_tipped Using NLP From line 220


LOOPS                                npath   2
                                     niter   1


MODEL STATISTICS

BLOCKS OF EQUATIONS           3     SINGLE EQUATIONS           31
BLOCKS OF VARIABLES           5     SINGLE VARIABLES           83
NON ZERO ELEMENTS           183     NON LINEAR N-Z            102
CODE LENGTH                 632     CONSTANT POOL              35


GENERATION TIME      =        0.002 SECONDS      4 MB  38.1.0 a1a3b545 DEX-DEG
               L O O P S              npath 2
                                      niter 1

GAMS 38.1.0  a1a3b545 Jan 31, 2022          DEX-DEG x86 64bit/Mac OS X - 03/23/22 13:18:25 Page 25
G e n e r a l   A l g e b r a i c   M o d e l i n g   S y s t e m
Solution Report     SOLVE busc_tipped Using NLP From line 220


               S O L V E      S U M M A R Y

     MODEL   busc_tipped         OBJECTIVE  obj
     TYPE    NLP                 DIRECTION  MAXIMIZE
     SOLVER  CONOPT              FROM LINE  220

**** SOLVER STATUS     1 Normal Completion
**** MODEL STATUS      2 Locally Optimal
**** OBJECTIVE VALUE               -0.0086

 RESOURCE USAGE, LIMIT          0.006     10000.000
 ITERATION COUNT, LIMIT        22         10000
 EVALUATION ERRORS              0             0
--- *** This solver runs with a demo license. No commercial use.
 
 
    C O N O P T 3   version 3.17K
    Copyright (C)   ARKI Consulting and Development A/S
                    Bagsvaerdvej 246 A
                    DK-2880 Bagsvaerd, Denmark
 
 
    The model has 83 variables and 31 constraints
    with 183 Jacobian elements, 102 of which are nonlinear.
    The Hessian of the Lagrangian has 82 elements on the diagonal,
    40 elements below the diagonal, and 82 nonlinear variables.
 
 ** Warning **  The variance of the derivatives in the initial
                point is large (= 4.0 ). A better initial
                point, a better scaling, or better bounds on the
                variables will probably help the optimization.
 
 
                   Pre-triangular equations:   0
                   Post-triangular equations:  1
 
 
 ** Optimal solution. Reduced gradient less than tolerance.
 
 
 CONOPT time Total                            0.002 seconds
   of which: Function evaluations             0.000 =  0.0%
             1st Derivative evaluations       0.001 = 50.0%
             Directional 2nd Derivative       0.000 =  0.0%
 


**** REPORT SUMMARY :        0     NONOPT
                             0 INFEASIBLE
                             0  UNBOUNDED
                             0     ERRORS
GAMS 38.1.0  a1a3b545 Jan 31, 2022          DEX-DEG x86 64bit/Mac OS X - 03/23/22 13:18:25 Page 26
G e n e r a l   A l g e b r a i c   M o d e l i n g   S y s t e m
Model Statistics    SOLVE busc_tipped Using NLP From line 220


LOOPS                                npath   3
                                     niter   1


MODEL STATISTICS

BLOCKS OF EQUATIONS           3     SINGLE EQUATIONS           31
BLOCKS OF VARIABLES           5     SINGLE VARIABLES           83
NON ZERO ELEMENTS           183     NON LINEAR N-Z            102
CODE LENGTH                 632     CONSTANT POOL              35


GENERATION TIME      =        0.002 SECONDS      4 MB  38.1.0 a1a3b545 DEX-DEG
               L O O P S              npath 3
                                      niter 1

GAMS 38.1.0  a1a3b545 Jan 31, 2022          DEX-DEG x86 64bit/Mac OS X - 03/23/22 13:18:25 Page 27
G e n e r a l   A l g e b r a i c   M o d e l i n g   S y s t e m
Solution Report     SOLVE busc_tipped Using NLP From line 220


               S O L V E      S U M M A R Y

     MODEL   busc_tipped         OBJECTIVE  obj
     TYPE    NLP                 DIRECTION  MAXIMIZE
     SOLVER  CONOPT              FROM LINE  220

**** SOLVER STATUS     1 Normal Completion
**** MODEL STATUS      2 Locally Optimal
**** OBJECTIVE VALUE               -0.0086

 RESOURCE USAGE, LIMIT          0.006     10000.000
 ITERATION COUNT, LIMIT        18         10000
 EVALUATION ERRORS              0             0
--- *** This solver runs with a demo license. No commercial use.
 
 
    C O N O P T 3   version 3.17K
    Copyright (C)   ARKI Consulting and Development A/S
                    Bagsvaerdvej 246 A
                    DK-2880 Bagsvaerd, Denmark
 
 
    The model has 83 variables and 31 constraints
    with 183 Jacobian elements, 102 of which are nonlinear.
    The Hessian of the Lagrangian has 82 elements on the diagonal,
    40 elements below the diagonal, and 82 nonlinear variables.
 
 ** Warning **  The variance of the derivatives in the initial
                point is large (= 4.0 ). A better initial
                point, a better scaling, or better bounds on the
                variables will probably help the optimization.
 
 
                   Pre-triangular equations:   0
                   Post-triangular equations:  1
 
 
 ** Optimal solution. Reduced gradient less than tolerance.
 
 
 CONOPT time Total                            0.002 seconds
   of which: Function evaluations             0.001 = 50.0%
             1st Derivative evaluations       0.000 =  0.0%
             2nd Derivative evaluations       0.000 =  0.0%
             Directional 2nd Derivative       0.000 =  0.0%
 


**** REPORT SUMMARY :        0     NONOPT
                             0 INFEASIBLE
                             0  UNBOUNDED
                             0     ERRORS
GAMS 38.1.0  a1a3b545 Jan 31, 2022          DEX-DEG x86 64bit/Mac OS X - 03/23/22 13:18:25 Page 28
G e n e r a l   A l g e b r a i c   M o d e l i n g   S y s t e m
Model Statistics    SOLVE busc_tipped Using NLP From line 220


LOOPS                                npath   4
                                     niter   1


MODEL STATISTICS

BLOCKS OF EQUATIONS           3     SINGLE EQUATIONS           31
BLOCKS OF VARIABLES           5     SINGLE VARIABLES           83
NON ZERO ELEMENTS           183     NON LINEAR N-Z            102
CODE LENGTH                 632     CONSTANT POOL              35


GENERATION TIME      =        0.001 SECONDS      4 MB  38.1.0 a1a3b545 DEX-DEG
               L O O P S              npath 4
                                      niter 1

GAMS 38.1.0  a1a3b545 Jan 31, 2022          DEX-DEG x86 64bit/Mac OS X - 03/23/22 13:18:25 Page 29
G e n e r a l   A l g e b r a i c   M o d e l i n g   S y s t e m
Solution Report     SOLVE busc_tipped Using NLP From line 220


               S O L V E      S U M M A R Y

     MODEL   busc_tipped         OBJECTIVE  obj
     TYPE    NLP                 DIRECTION  MAXIMIZE
     SOLVER  CONOPT              FROM LINE  220

**** SOLVER STATUS     1 Normal Completion
**** MODEL STATUS      2 Locally Optimal
**** OBJECTIVE VALUE               -0.0086

 RESOURCE USAGE, LIMIT          0.007     10000.000
 ITERATION COUNT, LIMIT        18         10000
 EVALUATION ERRORS              0             0
--- *** This solver runs with a demo license. No commercial use.
 
 
    C O N O P T 3   version 3.17K
    Copyright (C)   ARKI Consulting and Development A/S
                    Bagsvaerdvej 246 A
                    DK-2880 Bagsvaerd, Denmark
 
 
    The model has 83 variables and 31 constraints
    with 183 Jacobian elements, 102 of which are nonlinear.
    The Hessian of the Lagrangian has 82 elements on the diagonal,
    40 elements below the diagonal, and 82 nonlinear variables.
 
 ** Warning **  The variance of the derivatives in the initial
                point is large (= 4.0 ). A better initial
                point, a better scaling, or better bounds on the
                variables will probably help the optimization.
 
 
                   Pre-triangular equations:   0
                   Post-triangular equations:  1
 
 
 ** Optimal solution. Reduced gradient less than tolerance.
 
 
 CONOPT time Total                            0.002 seconds
   of which: Function evaluations             0.001 = 50.0%
             1st Derivative evaluations       0.000 =  0.0%
             2nd Derivative evaluations       0.000 =  0.0%
             Directional 2nd Derivative       0.000 =  0.0%
 


**** REPORT SUMMARY :        0     NONOPT
                             0 INFEASIBLE
                             0  UNBOUNDED
                             0     ERRORS
GAMS 38.1.0  a1a3b545 Jan 31, 2022          DEX-DEG x86 64bit/Mac OS X - 03/23/22 13:18:25 Page 30
G e n e r a l   A l g e b r a i c   M o d e l i n g   S y s t e m
Model Statistics    SOLVE busc_tipped Using NLP From line 220


LOOPS                                npath   5
                                     niter   1


MODEL STATISTICS

BLOCKS OF EQUATIONS           3     SINGLE EQUATIONS           31
BLOCKS OF VARIABLES           5     SINGLE VARIABLES           83
NON ZERO ELEMENTS           183     NON LINEAR N-Z            102
CODE LENGTH                 632     CONSTANT POOL              35


GENERATION TIME      =        0.002 SECONDS      4 MB  38.1.0 a1a3b545 DEX-DEG
               L O O P S              npath 5
                                      niter 1

GAMS 38.1.0  a1a3b545 Jan 31, 2022          DEX-DEG x86 64bit/Mac OS X - 03/23/22 13:18:25 Page 31
G e n e r a l   A l g e b r a i c   M o d e l i n g   S y s t e m
Solution Report     SOLVE busc_tipped Using NLP From line 220


               S O L V E      S U M M A R Y

     MODEL   busc_tipped         OBJECTIVE  obj
     TYPE    NLP                 DIRECTION  MAXIMIZE
     SOLVER  CONOPT              FROM LINE  220

**** SOLVER STATUS     1 Normal Completion
**** MODEL STATUS      2 Locally Optimal
**** OBJECTIVE VALUE               -0.0086

 RESOURCE USAGE, LIMIT          0.006     10000.000
 ITERATION COUNT, LIMIT        18         10000
 EVALUATION ERRORS              0             0
--- *** This solver runs with a demo license. No commercial use.
 
 
    C O N O P T 3   version 3.17K
    Copyright (C)   ARKI Consulting and Development A/S
                    Bagsvaerdvej 246 A
                    DK-2880 Bagsvaerd, Denmark
 
 
    The model has 83 variables and 31 constraints
    with 183 Jacobian elements, 102 of which are nonlinear.
    The Hessian of the Lagrangian has 82 elements on the diagonal,
    40 elements below the diagonal, and 82 nonlinear variables.
 
 ** Warning **  The variance of the derivatives in the initial
                point is large (= 4.0 ). A better initial
                point, a better scaling, or better bounds on the
                variables will probably help the optimization.
 
 
                   Pre-triangular equations:   0
                   Post-triangular equations:  1
 
 
 ** Optimal solution. Reduced gradient less than tolerance.
 
 
 CONOPT time Total                            0.002 seconds
   of which: Function evaluations             0.001 = 50.0%
             1st Derivative evaluations       0.000 =  0.0%
             2nd Derivative evaluations       0.000 =  0.0%
             Directional 2nd Derivative       0.000 =  0.0%
 


**** REPORT SUMMARY :        0     NONOPT
                             0 INFEASIBLE
                             0  UNBOUNDED
                             0     ERRORS
GAMS 38.1.0  a1a3b545 Jan 31, 2022          DEX-DEG x86 64bit/Mac OS X - 03/23/22 13:18:25 Page 32
G e n e r a l   A l g e b r a i c   M o d e l i n g   S y s t e m
Model Statistics    SOLVE busc_tipped Using NLP From line 220


LOOPS                                npath   6
                                     niter   1


MODEL STATISTICS

BLOCKS OF EQUATIONS           3     SINGLE EQUATIONS           31
BLOCKS OF VARIABLES           5     SINGLE VARIABLES           83
NON ZERO ELEMENTS           183     NON LINEAR N-Z            102
CODE LENGTH                 632     CONSTANT POOL              35


GENERATION TIME      =        0.002 SECONDS      4 MB  38.1.0 a1a3b545 DEX-DEG
               L O O P S              npath 6
                                      niter 1

GAMS 38.1.0  a1a3b545 Jan 31, 2022          DEX-DEG x86 64bit/Mac OS X - 03/23/22 13:18:25 Page 33
G e n e r a l   A l g e b r a i c   M o d e l i n g   S y s t e m
Solution Report     SOLVE busc_tipped Using NLP From line 220


               S O L V E      S U M M A R Y

     MODEL   busc_tipped         OBJECTIVE  obj
     TYPE    NLP                 DIRECTION  MAXIMIZE
     SOLVER  CONOPT              FROM LINE  220

**** SOLVER STATUS     1 Normal Completion
**** MODEL STATUS      2 Locally Optimal
**** OBJECTIVE VALUE               -0.0086

 RESOURCE USAGE, LIMIT          0.006     10000.000
 ITERATION COUNT, LIMIT        17         10000
 EVALUATION ERRORS              0             0
--- *** This solver runs with a demo license. No commercial use.
 
 
    C O N O P T 3   version 3.17K
    Copyright (C)   ARKI Consulting and Development A/S
                    Bagsvaerdvej 246 A
                    DK-2880 Bagsvaerd, Denmark
 
 
    The model has 83 variables and 31 constraints
    with 183 Jacobian elements, 102 of which are nonlinear.
    The Hessian of the Lagrangian has 82 elements on the diagonal,
    40 elements below the diagonal, and 82 nonlinear variables.
 
 ** Warning **  The variance of the derivatives in the initial
                point is large (= 4.0 ). A better initial
                point, a better scaling, or better bounds on the
                variables will probably help the optimization.
 
 
                   Pre-triangular equations:   0
                   Post-triangular equations:  1
 
 
 ** Optimal solution. Reduced gradient less than tolerance.
 
 
 CONOPT time Total                            0.002 seconds
   of which: Function evaluations             0.000 =  0.0%
             1st Derivative evaluations       0.000 =  0.0%
             2nd Derivative evaluations       0.000 =  0.0%
             Directional 2nd Derivative       0.000 =  0.0%
 


**** REPORT SUMMARY :        0     NONOPT
                             0 INFEASIBLE
                             0  UNBOUNDED
                             0     ERRORS
GAMS 38.1.0  a1a3b545 Jan 31, 2022          DEX-DEG x86 64bit/Mac OS X - 03/23/22 13:18:25 Page 34
G e n e r a l   A l g e b r a i c   M o d e l i n g   S y s t e m
Model Statistics    SOLVE busc_tipped Using NLP From line 220


LOOPS                                npath   7
                                     niter   1


MODEL STATISTICS

BLOCKS OF EQUATIONS           3     SINGLE EQUATIONS           31
BLOCKS OF VARIABLES           5     SINGLE VARIABLES           83
NON ZERO ELEMENTS           183     NON LINEAR N-Z            102
CODE LENGTH                 632     CONSTANT POOL              35


GENERATION TIME      =        0.002 SECONDS      4 MB  38.1.0 a1a3b545 DEX-DEG
               L O O P S              npath 7
                                      niter 1

GAMS 38.1.0  a1a3b545 Jan 31, 2022          DEX-DEG x86 64bit/Mac OS X - 03/23/22 13:18:25 Page 35
G e n e r a l   A l g e b r a i c   M o d e l i n g   S y s t e m
Solution Report     SOLVE busc_tipped Using NLP From line 220


               S O L V E      S U M M A R Y

     MODEL   busc_tipped         OBJECTIVE  obj
     TYPE    NLP                 DIRECTION  MAXIMIZE
     SOLVER  CONOPT              FROM LINE  220

**** SOLVER STATUS     1 Normal Completion
**** MODEL STATUS      2 Locally Optimal
**** OBJECTIVE VALUE               -0.0086

 RESOURCE USAGE, LIMIT          0.006     10000.000
 ITERATION COUNT, LIMIT        16         10000
 EVALUATION ERRORS              0             0
--- *** This solver runs with a demo license. No commercial use.
 
 
    C O N O P T 3   version 3.17K
    Copyright (C)   ARKI Consulting and Development A/S
                    Bagsvaerdvej 246 A
                    DK-2880 Bagsvaerd, Denmark
 
 
    The model has 83 variables and 31 constraints
    with 183 Jacobian elements, 102 of which are nonlinear.
    The Hessian of the Lagrangian has 82 elements on the diagonal,
    40 elements below the diagonal, and 82 nonlinear variables.
 
 ** Warning **  The variance of the derivatives in the initial
                point is large (= 4.0 ). A better initial
                point, a better scaling, or better bounds on the
                variables will probably help the optimization.
 
 
                   Pre-triangular equations:   0
                   Post-triangular equations:  1
 
 
 ** Optimal solution. Reduced gradient less than tolerance.
 
 
 CONOPT time Total                            0.002 seconds
   of which: Function evaluations             0.001 = 50.0%
             1st Derivative evaluations       0.000 =  0.0%
             Directional 2nd Derivative       0.000 =  0.0%
 


**** REPORT SUMMARY :        0     NONOPT
                             0 INFEASIBLE
                             0  UNBOUNDED
                             0     ERRORS
GAMS 38.1.0  a1a3b545 Jan 31, 2022          DEX-DEG x86 64bit/Mac OS X - 03/23/22 13:18:25 Page 36
G e n e r a l   A l g e b r a i c   M o d e l i n g   S y s t e m
Model Statistics    SOLVE busc_tipped Using NLP From line 220


LOOPS                                npath   8
                                     niter   1


MODEL STATISTICS

BLOCKS OF EQUATIONS           3     SINGLE EQUATIONS           31
BLOCKS OF VARIABLES           5     SINGLE VARIABLES           83
NON ZERO ELEMENTS           183     NON LINEAR N-Z            102
CODE LENGTH                 632     CONSTANT POOL              35


GENERATION TIME      =        0.002 SECONDS      4 MB  38.1.0 a1a3b545 DEX-DEG
               L O O P S              npath 8
                                      niter 1

GAMS 38.1.0  a1a3b545 Jan 31, 2022          DEX-DEG x86 64bit/Mac OS X - 03/23/22 13:18:25 Page 37
G e n e r a l   A l g e b r a i c   M o d e l i n g   S y s t e m
Solution Report     SOLVE busc_tipped Using NLP From line 220


               S O L V E      S U M M A R Y

     MODEL   busc_tipped         OBJECTIVE  obj
     TYPE    NLP                 DIRECTION  MAXIMIZE
     SOLVER  CONOPT              FROM LINE  220

**** SOLVER STATUS     1 Normal Completion
**** MODEL STATUS      2 Locally Optimal
**** OBJECTIVE VALUE               -0.0086

 RESOURCE USAGE, LIMIT          0.007     10000.000
 ITERATION COUNT, LIMIT        17         10000
 EVALUATION ERRORS              0             0
--- *** This solver runs with a demo license. No commercial use.
 
 
    C O N O P T 3   version 3.17K
    Copyright (C)   ARKI Consulting and Development A/S
                    Bagsvaerdvej 246 A
                    DK-2880 Bagsvaerd, Denmark
 
 
    The model has 83 variables and 31 constraints
    with 183 Jacobian elements, 102 of which are nonlinear.
    The Hessian of the Lagrangian has 82 elements on the diagonal,
    40 elements below the diagonal, and 82 nonlinear variables.
 
 ** Warning **  The variance of the derivatives in the initial
                point is large (= 4.0 ). A better initial
                point, a better scaling, or better bounds on the
                variables will probably help the optimization.
 
 
                   Pre-triangular equations:   0
                   Post-triangular equations:  1
 
 
 ** Optimal solution. Reduced gradient less than tolerance.
 
 
 CONOPT time Total                            0.002 seconds
   of which: Function evaluations             0.000 =  0.0%
             1st Derivative evaluations       0.000 =  0.0%
             2nd Derivative evaluations       0.000 =  0.0%
             Directional 2nd Derivative       0.000 =  0.0%
 


**** REPORT SUMMARY :        0     NONOPT
                             0 INFEASIBLE
                             0  UNBOUNDED
                             0     ERRORS
GAMS 38.1.0  a1a3b545 Jan 31, 2022          DEX-DEG x86 64bit/Mac OS X - 03/23/22 13:18:25 Page 38
G e n e r a l   A l g e b r a i c   M o d e l i n g   S y s t e m
Model Statistics    SOLVE busc_tipped Using NLP From line 220


LOOPS                                npath   9
                                     niter   1


MODEL STATISTICS

BLOCKS OF EQUATIONS           3     SINGLE EQUATIONS           31
BLOCKS OF VARIABLES           5     SINGLE VARIABLES           83
NON ZERO ELEMENTS           183     NON LINEAR N-Z            102
CODE LENGTH                 632     CONSTANT POOL              35


GENERATION TIME      =        0.002 SECONDS      4 MB  38.1.0 a1a3b545 DEX-DEG
               L O O P S              npath 9
                                      niter 1

GAMS 38.1.0  a1a3b545 Jan 31, 2022          DEX-DEG x86 64bit/Mac OS X - 03/23/22 13:18:25 Page 39
G e n e r a l   A l g e b r a i c   M o d e l i n g   S y s t e m
Solution Report     SOLVE busc_tipped Using NLP From line 220


               S O L V E      S U M M A R Y

     MODEL   busc_tipped         OBJECTIVE  obj
     TYPE    NLP                 DIRECTION  MAXIMIZE
     SOLVER  CONOPT              FROM LINE  220

**** SOLVER STATUS     1 Normal Completion
**** MODEL STATUS      2 Locally Optimal
**** OBJECTIVE VALUE               -0.0086

 RESOURCE USAGE, LIMIT          0.006     10000.000
 ITERATION COUNT, LIMIT        19         10000
 EVALUATION ERRORS              0             0
--- *** This solver runs with a demo license. No commercial use.
 
 
    C O N O P T 3   version 3.17K
    Copyright (C)   ARKI Consulting and Development A/S
                    Bagsvaerdvej 246 A
                    DK-2880 Bagsvaerd, Denmark
 
 
    The model has 83 variables and 31 constraints
    with 183 Jacobian elements, 102 of which are nonlinear.
    The Hessian of the Lagrangian has 82 elements on the diagonal,
    40 elements below the diagonal, and 82 nonlinear variables.
 
 ** Warning **  The variance of the derivatives in the initial
                point is large (= 4.0 ). A better initial
                point, a better scaling, or better bounds on the
                variables will probably help the optimization.
 
 
                   Pre-triangular equations:   0
                   Post-triangular equations:  1
 
 
 ** Optimal solution. Reduced gradient less than tolerance.
 
 
 CONOPT time Total                            0.002 seconds
   of which: Function evaluations             0.001 = 50.0%
             1st Derivative evaluations       0.000 =  0.0%
             2nd Derivative evaluations       0.000 =  0.0%
             Directional 2nd Derivative       0.000 =  0.0%
 


**** REPORT SUMMARY :        0     NONOPT
                             0 INFEASIBLE
                             0  UNBOUNDED
                             0     ERRORS
GAMS 38.1.0  a1a3b545 Jan 31, 2022          DEX-DEG x86 64bit/Mac OS X - 03/23/22 13:18:25 Page 40
G e n e r a l   A l g e b r a i c   M o d e l i n g   S y s t e m
Model Statistics    SOLVE busc_tipped Using NLP From line 220


LOOPS                                npath   10
                                     niter   1


MODEL STATISTICS

BLOCKS OF EQUATIONS           3     SINGLE EQUATIONS           31
BLOCKS OF VARIABLES           5     SINGLE VARIABLES           83
NON ZERO ELEMENTS           183     NON LINEAR N-Z            102
CODE LENGTH                 632     CONSTANT POOL              35


GENERATION TIME      =        0.002 SECONDS      4 MB  38.1.0 a1a3b545 DEX-DEG
               L O O P S              npath 10
                                      niter 1

GAMS 38.1.0  a1a3b545 Jan 31, 2022          DEX-DEG x86 64bit/Mac OS X - 03/23/22 13:18:25 Page 41
G e n e r a l   A l g e b r a i c   M o d e l i n g   S y s t e m
Solution Report     SOLVE busc_tipped Using NLP From line 220


               S O L V E      S U M M A R Y

     MODEL   busc_tipped         OBJECTIVE  obj
     TYPE    NLP                 DIRECTION  MAXIMIZE
     SOLVER  CONOPT              FROM LINE  220

**** SOLVER STATUS     1 Normal Completion
**** MODEL STATUS      2 Locally Optimal
**** OBJECTIVE VALUE               -0.0086

 RESOURCE USAGE, LIMIT          0.006     10000.000
 ITERATION COUNT, LIMIT        15         10000
 EVALUATION ERRORS              0             0
--- *** This solver runs with a demo license. No commercial use.
 
 
    C O N O P T 3   version 3.17K
    Copyright (C)   ARKI Consulting and Development A/S
                    Bagsvaerdvej 246 A
                    DK-2880 Bagsvaerd, Denmark
 
 
    The model has 83 variables and 31 constraints
    with 183 Jacobian elements, 102 of which are nonlinear.
    The Hessian of the Lagrangian has 82 elements on the diagonal,
    40 elements below the diagonal, and 82 nonlinear variables.
 
 ** Warning **  The variance of the derivatives in the initial
                point is large (= 4.0 ). A better initial
                point, a better scaling, or better bounds on the
                variables will probably help the optimization.
 
 
                   Pre-triangular equations:   0
                   Post-triangular equations:  1
 
 
 ** Optimal solution. Reduced gradient less than tolerance.
 
 
 CONOPT time Total                            0.002 seconds
   of which: Function evaluations             0.002 =100.0%
             1st Derivative evaluations       0.000 =  0.0%
             2nd Derivative evaluations       0.000 =  0.0%
             Directional 2nd Derivative       0.000 =  0.0%
 


**** REPORT SUMMARY :        0     NONOPT
                             0 INFEASIBLE
                             0  UNBOUNDED
                             0     ERRORS
GAMS 38.1.0  a1a3b545 Jan 31, 2022          DEX-DEG x86 64bit/Mac OS X - 03/23/22 13:18:25 Page 42
G e n e r a l   A l g e b r a i c   M o d e l i n g   S y s t e m
E x e c u t i o n


----    341 PARAMETER elapsed              =        0.009  

**** REPORT FILE SUMMARY

sol_SCEQ_RBC_C /Users/patrickocal_mchome/Documents/_uq-aibe/spir-oz/code/cai-judd-gams/RBC_Case2/sol_SCEQ_RBC_C.csv
sol_SCEQ_RBC_K /Users/patrickocal_mchome/Documents/_uq-aibe/spir-oz/code/cai-judd-gams/RBC_Case2/sol_SCEQ_RBC_K.csv
sol_SCEQ_RBC_I /Users/patrickocal_mchome/Documents/_uq-aibe/spir-oz/code/cai-judd-gams/RBC_Case2/sol_SCEQ_RBC_I.csv
sol_SCEQ_RBC_L /Users/patrickocal_mchome/Documents/_uq-aibe/spir-oz/code/cai-judd-gams/RBC_Case2/sol_SCEQ_RBC_L.csv
sol_SCEQ_RBC_err /Users/patrickocal_mchome/Documents/_uq-aibe/spir-oz/code/cai-judd-gams/RBC_Case2/sol_SCEQ_RBC_err.csv


EXECUTION TIME       =        0.546 SECONDS      5 MB  38.1.0 a1a3b545 DEX-DEG


USER: GAMS Demo license for Patrick OCallaghan       G220215|0002CO-GEN
      University of Queensland, Australia                      DL060418


**** FILE SUMMARY

Input      /Users/patrickocal_mchome/Documents/_uq-aibe/spir-oz/code/cai-judd-gams/RBC_Case2/RBC_SCEQ.gms
Output     /Users/patrickocal_mchome/Documents/_uq-aibe/spir-oz/code/cai-judd-gams/RBC_Case2/RBC_SCEQ.lst
